{"stage": "started", "companies": 683, "companies_with_gaps": 0, "gap_sample": {}}
TQ数据接口初始化成功，使用路径: C:\zd_zyb\PYPlugins\user\hzstock_data_service_39152.py
TQ数据连接已关闭
{"stage": "progress", "processed": 20, "total": 683}
TQ数据接口初始化成功，使用路径: C:\zd_zyb\PYPlugins\user\hzstock_data_service_39152.py
TQ数据连接已关闭
{"stage": "progress", "processed": 40, "total": 683}
TQ数据接口初始化成功，使用路径: C:\zd_zyb\PYPlugins\user\hzstock_data_service_39152.py
TQ数据连接已关闭
{"stage": "progress", "processed": 60, "total": 683}
TQ数据接口初始化成功，使用路径: C:\zd_zyb\PYPlugins\user\hzstock_data_service_39152.py
TQ数据连接已关闭
{"stage": "progress", "processed": 80, "total": 683}
TQ数据接口初始化成功，使用路径: C:\zd_zyb\PYPlugins\user\hzstock_data_service_39152.py
TQ数据连接已关闭
{"stage": "progress", "processed": 100, "total": 683}
TQ数据接口初始化成功，使用路径: C:\zd_zyb\PYPlugins\user\hzstock_data_service_39152.py
TQ数据连接已关闭
{"stage": "progress", "processed": 120, "total": 683}
TQ数据接口初始化成功，使用路径: C:\zd_zyb\PYPlugins\user\hzstock_data_service_39152.py
TQ数据连接已关闭
{"stage": "progress", "processed": 140, "total": 683}
TQ数据接口初始化成功，使用路径: C:\zd_zyb\PYPlugins\user\hzstock_data_service_39152.py
TQ数据连接已关闭
{"stage": "progress", "processed": 160, "total": 683}
TQ数据接口初始化成功，使用路径: C:\zd_zyb\PYPlugins\user\hzstock_data_service_39152.py
TQ数据连接已关闭
{"stage": "progress", "processed": 180, "total": 683}
TQ数据接口初始化成功，使用路径: C:\zd_zyb\PYPlugins\user\hzstock_data_service_39152.py
TQ数据连接已关闭
{"stage": "progress", "processed": 200, "total": 683}
TQ数据接口初始化成功，使用路径: C:\zd_zyb\PYPlugins\user\hzstock_data_service_39152.py
TQ数据连接已关闭
{"stage": "progress", "processed": 220, "total": 683}
TQ数据接口初始化成功，使用路径: C:\zd_zyb\PYPlugins\user\hzstock_data_service_39152.py
TQ数据连接已关闭
{"stage": "progress", "processed": 240, "total": 683}
TQ数据接口初始化成功，使用路径: C:\zd_zyb\PYPlugins\user\hzstock_data_service_39152.py
TQ数据连接已关闭
{"stage": "progress", "processed": 260, "total": 683}
TQ数据接口初始化成功，使用路径: C:\zd_zyb\PYPlugins\user\hzstock_data_service_39152.py
TQ数据连接已关闭
{"stage": "progress", "processed": 280, "total": 683}
TQ数据接口初始化成功，使用路径: C:\zd_zyb\PYPlugins\user\hzstock_data_service_39152.py
TQ数据连接已关闭
{"stage": "progress", "processed": 300, "total": 683}
TQ数据接口初始化成功，使用路径: C:\zd_zyb\PYPlugins\user\hzstock_data_service_39152.py
TQ数据连接已关闭
{"stage": "progress", "processed": 320, "total": 683}
TQ数据接口初始化成功，使用路径: C:\zd_zyb\PYPlugins\user\hzstock_data_service_39152.py
TQ数据连接已关闭
{"stage": "progress", "processed": 340, "total": 683}
TQ数据接口初始化成功，使用路径: C:\zd_zyb\PYPlugins\user\hzstock_data_service_39152.py
TQ数据连接已关闭
{"stage": "progress", "processed": 360, "total": 683}
TQ数据接口初始化成功，使用路径: C:\zd_zyb\PYPlugins\user\hzstock_data_service_39152.py
TQ数据连接已关闭
{"stage": "progress", "processed": 380, "total": 683}
TQ数据接口初始化成功，使用路径: C:\zd_zyb\PYPlugins\user\hzstock_data_service_39152.py
TQ数据连接已关闭
{"stage": "progress", "processed": 400, "total": 683}
TQ数据接口初始化成功，使用路径: C:\zd_zyb\PYPlugins\user\hzstock_data_service_39152.py
TQ数据连接已关闭
{"stage": "progress", "processed": 420, "total": 683}
TQ数据接口初始化成功，使用路径: C:\zd_zyb\PYPlugins\user\hzstock_data_service_39152.py
TQ数据连接已关闭
{"stage": "progress", "processed": 440, "total": 683}
TQ数据接口初始化成功，使用路径: C:\zd_zyb\PYPlugins\user\hzstock_data_service_39152.py
TQ数据连接已关闭
{"stage": "progress", "processed": 460, "total": 683}
TQ数据接口初始化成功，使用路径: C:\zd_zyb\PYPlugins\user\hzstock_data_service_39152.py
TQ数据连接已关闭
{"stage": "progress", "processed": 480, "total": 683}
TQ数据接口初始化成功，使用路径: C:\zd_zyb\PYPlugins\user\hzstock_data_service_39152.py
TQ数据连接已关闭
{"stage": "progress", "processed": 500, "total": 683}
TQ数据接口初始化成功，使用路径: C:\zd_zyb\PYPlugins\user\hzstock_data_service_39152.py
TQ数据连接已关闭
{"stage": "progress", "processed": 520, "total": 683}
TQ数据接口初始化成功，使用路径: C:\zd_zyb\PYPlugins\user\hzstock_data_service_39152.py
TQ数据连接已关闭
{"stage": "progress", "processed": 540, "total": 683}
TQ数据接口初始化成功，使用路径: C:\zd_zyb\PYPlugins\user\hzstock_data_service_39152.py
TQ数据连接已关闭
{"stage": "progress", "processed": 560, "total": 683}
TQ数据接口初始化成功，使用路径: C:\zd_zyb\PYPlugins\user\hzstock_data_service_39152.py
TQ数据连接已关闭
{"stage": "progress", "processed": 580, "total": 683}
TQ数据接口初始化成功，使用路径: C:\zd_zyb\PYPlugins\user\hzstock_data_service_39152.py
TQ数据连接已关闭
{"stage": "progress", "processed": 600, "total": 683}
TQ数据接口初始化成功，使用路径: C:\zd_zyb\PYPlugins\user\hzstock_data_service_39152.py
TQ数据连接已关闭
{"stage": "progress", "processed": 620, "total": 683}
TQ数据接口初始化成功，使用路径: C:\zd_zyb\PYPlugins\user\hzstock_data_service_39152.py
TQ数据连接已关闭
{"stage": "progress", "processed": 640, "total": 683}
TQ数据接口初始化成功，使用路径: C:\zd_zyb\PYPlugins\user\hzstock_data_service_39152.py
TQ数据连接已关闭
{"stage": "progress", "processed": 660, "total": 683}
TQ数据接口初始化成功，使用路径: C:\zd_zyb\PYPlugins\user\hzstock_data_service_39152.py
TQ数据连接已关闭
{"stage": "progress", "processed": 680, "total": 683}
TQ数据接口初始化成功，使用路径: C:\zd_zyb\PYPlugins\user\hzstock_data_service_39152.py
TQ数据连接已关闭
{"stage": "progress", "processed": 683, "total": 683}
{"stage": "completed", "status": "ready", "item_count": 19510, "symbols": 683, "total_symbols": 683, "coverage": 1.0, "raw_version": "5a4a7a5980cffe5e50c6ec29", "invalid_rows": 0, "batch_errors": [], "companies_with_gaps_before": 0, "companies_with_gaps_after": 0, "remaining_gap_sample": {}}
